add_cedo_golden_test(CEDO_SRC input_sym.c EXPECTED_OUTPUT input_sym.s SYMS a b c)
