add_cedo_golden_test(CEDO_SRC basic_compound.cpp EXPECTED_OUTPUT basic_compound.s SYMS a)
add_cedo_golden_test(CEDO_SRC end_padding_struct.cpp EXPECTED_OUTPUT end_padding_struct.s SYMS a)
add_cedo_golden_test(CEDO_SRC mid_padding_struct.cpp EXPECTED_OUTPUT mid_padding_struct.s SYMS a)
